[demo.w3layouts.com/demos_new/24-12-2016/transporting-demo_Free/1146019639/web/index.html]
[backblue.gif]
[fade.gif]
[index.html]
[demo.w3layouts.com/demos_new/24-12-2016/transporting-demo_Free/1146019639/web/css/bootstrap.css]
[demo.w3layouts.com/demos_new/24-12-2016/transporting-demo_Free/1146019639/web/css/style.css]
[demo.w3layouts.com/demos_new/24-12-2016/transporting-demo_Free/1146019639/web/css/font-awesome.css]
[demo.w3layouts.com/demos_new/24-12-2016/transporting-demo_Free/1146019639/web/js/jquery-1.11.1.min.js]
[demo.w3layouts.com/demos_new/24-12-2016/transporting-demo_Free/1146019639/web/js/bootstrap.js]
[demo.w3layouts.com/demos_new/24-12-2016/transporting-demo_Free/1146019639/web/css/lightbox.css]
[demo.w3layouts.com/demos_new/24-12-2016/transporting-demo_Free/1146019639/web/js/SmoothScroll.min.js]
[demo.w3layouts.com/demos_new/24-12-2016/transporting-demo_Free/1146019639/web/js/main.js]
[ajax.googleapis.com/ajax/libs/jquery/1.10.2/jquery.min.js]
[m.servedby-buysellads.com/monetization.js]
[codefund.io/properties/441/funder.js]
[demo.w3layouts.com/js/autotrack.js]
[demo.w3layouts.com/images/demobar_w3_4thDec2019.css]
[demo.w3layouts.com/demos_new/24-12-2016/transporting-demo_Free/1146019639/web/images/2.jpg]
[demo.w3layouts.com/demos_new/24-12-2016/transporting-demo_Free/1146019639/web/images/t1.jpg]
[demo.w3layouts.com/demos_new/24-12-2016/transporting-demo_Free/1146019639/web/images/t2.jpg]
[demo.w3layouts.com/demos_new/24-12-2016/transporting-demo_Free/1146019639/web/images/t3.jpg]
[demo.w3layouts.com/demos_new/24-12-2016/transporting-demo_Free/1146019639/web/images/t4.jpg]
[demo.w3layouts.com/demos_new/24-12-2016/transporting-demo_Free/1146019639/web/images/g1.jpg]
[demo.w3layouts.com/demos_new/24-12-2016/transporting-demo_Free/1146019639/web/images/g2.jpg]
[demo.w3layouts.com/demos_new/24-12-2016/transporting-demo_Free/1146019639/web/images/g3.jpg]
[demo.w3layouts.com/demos_new/24-12-2016/transporting-demo_Free/1146019639/web/images/g4.jpg]
[demo.w3layouts.com/demos_new/24-12-2016/transporting-demo_Free/1146019639/web/images/g5.jpg]
[demo.w3layouts.com/demos_new/24-12-2016/transporting-demo_Free/1146019639/web/images/g6.jpg]
[demo.w3layouts.com/demos_new/24-12-2016/transporting-demo_Free/1146019639/web/js/lightbox-plus-jquery.min.js]
[demo.w3layouts.com/demos_new/24-12-2016/transporting-demo_Free/1146019639/web/images/3.jpg]
[demo.w3layouts.com/demos_new/24-12-2016/transporting-demo_Free/1146019639/web/images/1.jpg]
[demo.w3layouts.com/demos_new/24-12-2016/transporting-demo_Free/1146019639/web/js/jarallax.js]
[demo.w3layouts.com/demos_new/24-12-2016/transporting-demo_Free/1146019639/web/js/move-top.js]
[demo.w3layouts.com/demos_new/24-12-2016/transporting-demo_Free/1146019639/web/js/easing.js]
[demo.w3layouts.com/demos_new/24-12-2016/transporting-demo_Free/1146019639/web/index.html]
[demo.w3layouts.com/demos_new/24-12-2016/transporting-demo_Free/1146019639/web/fonts/glyphicons-halflings-regular.eot]
[demo.w3layouts.com/demos_new/24-12-2016/transporting-demo_Free/1146019639/web/fonts/glyphicons-halflings-regulard41d.eot]
[demo.w3layouts.com/demos_new/24-12-2016/transporting-demo_Free/1146019639/web/fonts/glyphicons-halflings-regular.woff2]
[demo.w3layouts.com/demos_new/24-12-2016/transporting-demo_Free/1146019639/web/fonts/glyphicons-halflings-regular.woff]
[demo.w3layouts.com/demos_new/24-12-2016/transporting-demo_Free/1146019639/web/fonts/glyphicons-halflings-regular.ttf]
[demo.w3layouts.com/demos_new/24-12-2016/transporting-demo_Free/1146019639/web/fonts/glyphicons-halflings-regular.svg]
[demo.w3layouts.com/demos_new/24-12-2016/transporting-demo_Free/1146019639/web/css/bootstrap.css]
[demo.w3layouts.com/demos_new/24-12-2016/transporting-demo_Free/1146019639/web/images/4.jpg]
[demo.w3layouts.com/demos_new/24-12-2016/transporting-demo_Free/1146019639/web/images/sub.jpg]
[demo.w3layouts.com/demos_new/24-12-2016/transporting-demo_Free/1146019639/web/images/arrow.png]
[demo.w3layouts.com/demos_new/24-12-2016/transporting-demo_Free/1146019639/web/css/style.css]
[demo.w3layouts.com/demos_new/24-12-2016/transporting-demo_Free/1146019639/web/fonts/fontawesome-webfont5b62.eot]
[demo.w3layouts.com/demos_new/24-12-2016/transporting-demo_Free/1146019639/web/fonts/fontawesome-webfont5b62.woff2]
[demo.w3layouts.com/demos_new/24-12-2016/transporting-demo_Free/1146019639/web/fonts/fontawesome-webfont5b62.woff]
[demo.w3layouts.com/demos_new/24-12-2016/transporting-demo_Free/1146019639/web/fonts/fontawesome-webfont5b62.ttf]
[demo.w3layouts.com/demos_new/24-12-2016/transporting-demo_Free/1146019639/web/fonts/fontawesome-webfontd41d.eot]
[demo.w3layouts.com/demos_new/24-12-2016/transporting-demo_Free/1146019639/web/css/font-awesome.css]
[demo.w3layouts.com/demos_new/24-12-2016/transporting-demo_Free/1146019639/web/fonts/fontawesome-webfont5b62.svg]
[demo.w3layouts.com/demos_new/24-12-2016/transporting-demo_Free/1146019639/web/images/close.png]
[demo.w3layouts.com/demos_new/24-12-2016/transporting-demo_Free/1146019639/web/images/prev.png]
[demo.w3layouts.com/demos_new/24-12-2016/transporting-demo_Free/1146019639/web/images/next.png]
[demo.w3layouts.com/demos_new/24-12-2016/transporting-demo_Free/1146019639/web/css/lightbox.css]
[demo.w3layouts.com/images/W3Layouts-light.html]
[demo.w3layouts.com/images/demobar_w3_4thDec2019.css]
[demo.w3layouts.com/demos_new/24-12-2016/transporting-demo_Free/1146019639/web/fonts/glyphicons-halflings-regular.html]
[demo.w3layouts.com/demos_new/24-12-2016/transporting-demo_Free/1146019639/web/fonts/glyphicons-halflings-regulard41d.html]
[demo.w3layouts.com/demos_new/24-12-2016/transporting-demo_Free/1146019639/web/fonts/glyphicons-halflings-regular-2.html]
[demo.w3layouts.com/demos_new/24-12-2016/transporting-demo_Free/1146019639/web/fonts/glyphicons-halflings-regular-3.html]
[demo.w3layouts.com/demos_new/24-12-2016/transporting-demo_Free/1146019639/web/fonts/fontawesome-webfont5b62.svg]
[demo.w3layouts.com/assets/css/fonts/linecons/css/linecons.html]
[demo.w3layouts.com/assets/css/fonts/fontawesome/css/font-awesome.min.html]
[demo.w3layouts.com/assets/css/bootstrap.html]
[demo.w3layouts.com/assets/css/xenon-core.html]
[demo.w3layouts.com/assets/css/xenon-forms.html]
[demo.w3layouts.com/assets/css/xenon-components.html]
[demo.w3layouts.com/assets/css/xenon-skins.html]
[demo.w3layouts.com/assets/css/custom.html]
[demo.w3layouts.com/assets/js/jquery-1.11.1.min.html]
[demo.w3layouts.com/assets/js/bootstrap.min.html]
[demo.w3layouts.com/assets/js/TweenMax.min.html]
[demo.w3layouts.com/assets/js/resizeable.html]
[demo.w3layouts.com/assets/js/joinable.html]
[demo.w3layouts.com/assets/js/xenon-api.html]
[demo.w3layouts.com/assets/js/xenon-toggles.html]
[demo.w3layouts.com/assets/js/xenon-custom.html]
[demo.w3layouts.com/images/W3Layouts-light.html]
[demo.w3layouts.com/assets/css/fonts/linecons/css/linecons.html]
[demo.w3layouts.com/assets/css/fonts/fontawesome/css/font-awesome.min.html]
[demo.w3layouts.com/assets/css/bootstrap.html]
[demo.w3layouts.com/assets/css/xenon-core.html]
[demo.w3layouts.com/assets/css/xenon-forms.html]
[demo.w3layouts.com/assets/css/xenon-components.html]
[demo.w3layouts.com/assets/css/xenon-skins.html]
[demo.w3layouts.com/assets/css/custom.html]
[demo.w3layouts.com/assets/js/jquery-1.11.1.min.html]
[demo.w3layouts.com/assets/js/bootstrap.min.html]
[demo.w3layouts.com/assets/js/TweenMax.min.html]
[demo.w3layouts.com/assets/js/resizeable.html]
[demo.w3layouts.com/assets/js/joinable.html]
[demo.w3layouts.com/assets/js/xenon-api.html]
[demo.w3layouts.com/assets/js/xenon-toggles.html]
[demo.w3layouts.com/assets/js/xenon-custom.html]
